// Jest Snapshot v1, https://goo.gl/fbAQLP

exports[`Renders component correctly 1`] = `
ShallowWrapper {
  "length": 1,
  Symbol(enzyme.__root__): [Circular],
  Symbol(enzyme.__unrendered__): <Tabs
    onChangeHandler={[Function]}
    radios={
        Array [
            Object {
              "id": 1,
              "label": "Tab A",
              "value": "tabA",
            },
            Object {
              "id": 2,
              "label": "Tab B",
              "value": "tabB",
            },
            Object {
              "id": 3,
              "label": "Tab C",
              "value": "tabAC",
            },
          ]
    }
    selectedRadioValue="tabB"
/>,
  Symbol(enzyme.__renderer__): Object {
    "batchedUpdates": [Function],
    "getNode": [Function],
    "render": [Function],
    "simulateEvent": [Function],
    "unmount": [Function],
  },
  Symbol(enzyme.__node__): Object {
    "instance": null,
    "key": undefined,
    "nodeType": "host",
    "props": Object {
      "children": Array [
        <div
          className="radioContainer"
>
          <label
                    htmlFor={1}
          >
                    Tab A
                    <input
                              checked={false}
                              clasName="tabA"
                              onChange={[Function]}
                              type="radio"
                              value="tabA"
                    />
          </label>
</div>,
        <div
          className="radioContainer selected"
>
          <label
                    htmlFor={2}
          >
                    Tab B
                    <input
                              checked={true}
                              clasName="tabB"
                              onChange={[Function]}
                              type="radio"
                              value="tabB"
                    />
          </label>
</div>,
        <div
          className="radioContainer"
>
          <label
                    htmlFor={3}
          >
                    Tab C
                    <input
                              checked={false}
                              clasName="tabAC"
                              onChange={[Function]}
                              type="radio"
                              value="tabAC"
                    />
          </label>
</div>,
      ],
      "className": "container",
    },
    "ref": null,
    "rendered": Array [
      Object {
        "instance": null,
        "key": "1",
        "nodeType": "host",
        "props": Object {
          "children": <label
            htmlFor={1}
>
            Tab A
            <input
                        checked={false}
                        clasName="tabA"
                        onChange={[Function]}
                        type="radio"
                        value="tabA"
            />
</label>,
          "className": "radioContainer",
        },
        "ref": null,
        "rendered": Object {
          "instance": null,
          "key": undefined,
          "nodeType": "host",
          "props": Object {
            "children": Array [
              "Tab A",
              <input
                checked={false}
                clasName="tabA"
                onChange={[Function]}
                type="radio"
                value="tabA"
/>,
            ],
            "htmlFor": 1,
          },
          "ref": null,
          "rendered": Array [
            "Tab A",
            Object {
              "instance": null,
              "key": undefined,
              "nodeType": "host",
              "props": Object {
                "checked": false,
                "clasName": "tabA",
                "onChange": [Function],
                "type": "radio",
                "value": "tabA",
              },
              "ref": null,
              "rendered": null,
              "type": "input",
            },
          ],
          "type": "label",
        },
        "type": "div",
      },
      Object {
        "instance": null,
        "key": "2",
        "nodeType": "host",
        "props": Object {
          "children": <label
            htmlFor={2}
>
            Tab B
            <input
                        checked={true}
                        clasName="tabB"
                        onChange={[Function]}
                        type="radio"
                        value="tabB"
            />
</label>,
          "className": "radioContainer selected",
        },
        "ref": null,
        "rendered": Object {
          "instance": null,
          "key": undefined,
          "nodeType": "host",
          "props": Object {
            "children": Array [
              "Tab B",
              <input
                checked={true}
                clasName="tabB"
                onChange={[Function]}
                type="radio"
                value="tabB"
/>,
            ],
            "htmlFor": 2,
          },
          "ref": null,
          "rendered": Array [
            "Tab B",
            Object {
              "instance": null,
              "key": undefined,
              "nodeType": "host",
              "props": Object {
                "checked": true,
                "clasName": "tabB",
                "onChange": [Function],
                "type": "radio",
                "value": "tabB",
              },
              "ref": null,
              "rendered": null,
              "type": "input",
            },
          ],
          "type": "label",
        },
        "type": "div",
      },
      Object {
        "instance": null,
        "key": "3",
        "nodeType": "host",
        "props": Object {
          "children": <label
            htmlFor={3}
>
            Tab C
            <input
                        checked={false}
                        clasName="tabAC"
                        onChange={[Function]}
                        type="radio"
                        value="tabAC"
            />
</label>,
          "className": "radioContainer",
        },
        "ref": null,
        "rendered": Object {
          "instance": null,
          "key": undefined,
          "nodeType": "host",
          "props": Object {
            "children": Array [
              "Tab C",
              <input
                checked={false}
                clasName="tabAC"
                onChange={[Function]}
                type="radio"
                value="tabAC"
/>,
            ],
            "htmlFor": 3,
          },
          "ref": null,
          "rendered": Array [
            "Tab C",
            Object {
              "instance": null,
              "key": undefined,
              "nodeType": "host",
              "props": Object {
                "checked": false,
                "clasName": "tabAC",
                "onChange": [Function],
                "type": "radio",
                "value": "tabAC",
              },
              "ref": null,
              "rendered": null,
              "type": "input",
            },
          ],
          "type": "label",
        },
        "type": "div",
      },
    ],
    "type": "div",
  },
  Symbol(enzyme.__nodes__): Array [
    Object {
      "instance": null,
      "key": undefined,
      "nodeType": "host",
      "props": Object {
        "children": Array [
          <div
            className="radioContainer"
>
            <label
                        htmlFor={1}
            >
                        Tab A
                        <input
                                    checked={false}
                                    clasName="tabA"
                                    onChange={[Function]}
                                    type="radio"
                                    value="tabA"
                        />
            </label>
</div>,
          <div
            className="radioContainer selected"
>
            <label
                        htmlFor={2}
            >
                        Tab B
                        <input
                                    checked={true}
                                    clasName="tabB"
                                    onChange={[Function]}
                                    type="radio"
                                    value="tabB"
                        />
            </label>
</div>,
          <div
            className="radioContainer"
>
            <label
                        htmlFor={3}
            >
                        Tab C
                        <input
                                    checked={false}
                                    clasName="tabAC"
                                    onChange={[Function]}
                                    type="radio"
                                    value="tabAC"
                        />
            </label>
</div>,
        ],
        "className": "container",
      },
      "ref": null,
      "rendered": Array [
        Object {
          "instance": null,
          "key": "1",
          "nodeType": "host",
          "props": Object {
            "children": <label
              htmlFor={1}
>
              Tab A
              <input
                            checked={false}
                            clasName="tabA"
                            onChange={[Function]}
                            type="radio"
                            value="tabA"
              />
</label>,
            "className": "radioContainer",
          },
          "ref": null,
          "rendered": Object {
            "instance": null,
            "key": undefined,
            "nodeType": "host",
            "props": Object {
              "children": Array [
                "Tab A",
                <input
                  checked={false}
                  clasName="tabA"
                  onChange={[Function]}
                  type="radio"
                  value="tabA"
/>,
              ],
              "htmlFor": 1,
            },
            "ref": null,
            "rendered": Array [
              "Tab A",
              Object {
                "instance": null,
                "key": undefined,
                "nodeType": "host",
                "props": Object {
                  "checked": false,
                  "clasName": "tabA",
                  "onChange": [Function],
                  "type": "radio",
                  "value": "tabA",
                },
                "ref": null,
                "rendered": null,
                "type": "input",
              },
            ],
            "type": "label",
          },
          "type": "div",
        },
        Object {
          "instance": null,
          "key": "2",
          "nodeType": "host",
          "props": Object {
            "children": <label
              htmlFor={2}
>
              Tab B
              <input
                            checked={true}
                            clasName="tabB"
                            onChange={[Function]}
                            type="radio"
                            value="tabB"
              />
</label>,
            "className": "radioContainer selected",
          },
          "ref": null,
          "rendered": Object {
            "instance": null,
            "key": undefined,
            "nodeType": "host",
            "props": Object {
              "children": Array [
                "Tab B",
                <input
                  checked={true}
                  clasName="tabB"
                  onChange={[Function]}
                  type="radio"
                  value="tabB"
/>,
              ],
              "htmlFor": 2,
            },
            "ref": null,
            "rendered": Array [
              "Tab B",
              Object {
                "instance": null,
                "key": undefined,
                "nodeType": "host",
                "props": Object {
                  "checked": true,
                  "clasName": "tabB",
                  "onChange": [Function],
                  "type": "radio",
                  "value": "tabB",
                },
                "ref": null,
                "rendered": null,
                "type": "input",
              },
            ],
            "type": "label",
          },
          "type": "div",
        },
        Object {
          "instance": null,
          "key": "3",
          "nodeType": "host",
          "props": Object {
            "children": <label
              htmlFor={3}
>
              Tab C
              <input
                            checked={false}
                            clasName="tabAC"
                            onChange={[Function]}
                            type="radio"
                            value="tabAC"
              />
</label>,
            "className": "radioContainer",
          },
          "ref": null,
          "rendered": Object {
            "instance": null,
            "key": undefined,
            "nodeType": "host",
            "props": Object {
              "children": Array [
                "Tab C",
                <input
                  checked={false}
                  clasName="tabAC"
                  onChange={[Function]}
                  type="radio"
                  value="tabAC"
/>,
              ],
              "htmlFor": 3,
            },
            "ref": null,
            "rendered": Array [
              "Tab C",
              Object {
                "instance": null,
                "key": undefined,
                "nodeType": "host",
                "props": Object {
                  "checked": false,
                  "clasName": "tabAC",
                  "onChange": [Function],
                  "type": "radio",
                  "value": "tabAC",
                },
                "ref": null,
                "rendered": null,
                "type": "input",
              },
            ],
            "type": "label",
          },
          "type": "div",
        },
      ],
      "type": "div",
    },
  ],
  Symbol(enzyme.__options__): Object {
    "adapter": ReactSixteenAdapter {
      "options": Object {
        "enableComponentDidUpdateOnSetState": true,
      },
    },
  },
}
`;
