// Jest Snapshot v1, https://goo.gl/fbAQLP

exports[`renders correctly 1`] = `
<div
  className="container"
>
  <img
    src="https://place-hold.it/100"
  />
</div>
`;
